=== PROXMOX LAB CAMPAIGN 20260604_202513 ===
Host: ai-workstation | Container: nginx-h2-lab-replay | Port: 8443
nginx version: nginx/1.24.0

========== RUN attack N=15 hold=120s ==========
[2026-06-04T20:25:13+00:00] phase=before conn=15 RSS=8MiB container=2.059MiB / 8GiB probe=200 0.002603
[2026-06-04T20:25:14+00:00] phase=during conn=15 RSS=8MiB container=2.281MiB / 8GiB probe=200 0.002655
[2026-06-04T20:25:21+00:00] phase=during conn=15 RSS=4222MiB container=4.126GiB / 8GiB probe=curl: (28) Connection timed out after 10002 milliseconds 000 10.002237000 timeout
[2026-06-04T20:25:37+00:00] phase=during conn=15 RSS=4222MiB container=4.127GiB / 8GiB probe=curl: (28) Connection timed out after 10002 milliseconds 000 10.002691000 timeout
[2026-06-04T20:25:53+00:00] phase=during conn=15 RSS=4222MiB container=4.126GiB / 8GiB probe=curl: (28) Connection timed out after 10002 milliseconds 000 10.002106000 timeout
[2026-06-04T20:26:09+00:00] phase=during conn=15 RSS=4222MiB container=4.126GiB / 8GiB probe=curl: (28) Connection timed out after 10002 milliseconds 000 10.002048000 timeout
[2026-06-04T20:26:25+00:00] phase=during conn=15 RSS=4222MiB container=4.126GiB / 8GiB probe=curl: (28) Connection timed out after 10001 milliseconds 000 10.001795000 timeout
[2026-06-04T20:26:41+00:00] phase=during conn=15 RSS=4222MiB container=4.126GiB / 8GiB probe=200 9.207459
[2026-06-04T20:26:57+00:00] phase=during conn=15 RSS=4222MiB container=4.126GiB / 8GiB probe=200 0.002476
[2026-06-04T20:27:03+00:00] phase=during conn=15 RSS=4222MiB container=4.126GiB / 8GiB probe=200 0.002514
[2026-06-04T20:27:09+00:00] phase=during conn=15 RSS=4222MiB container=4.126GiB / 8GiB probe=200 0.002612
[2026-06-04T20:27:15+00:00] phase=during conn=15 RSS=4222MiB container=4.126GiB / 8GiB probe=200 0.002996
[2026-06-04T20:27:21+00:00] phase=during conn=15 RSS=4222MiB container=658.8MiB / 8GiB probe=200 0.002650
[2026-06-04T20:27:27+00:00] phase=after conn=15 RSS=663MiB container=658.8MiB / 8GiB probe=200 0.002608
Elapsed: 133s | PoC log: /home/danii/http2-bomb-lab/lab-replay/logs/poc_20260604_202513_n15.log
Restarting container for next run...
[2026-06-04T20:27:39+00:00] phase=recovered conn=15 RSS=5MiB container=1.656MiB / 8GiB probe=200 0.002813

========== RUN attack N=50 hold=120s ==========
[2026-06-04T20:27:40+00:00] phase=before conn=50 RSS=8MiB container=1.812MiB / 8GiB probe=200 0.002558
[2026-06-04T20:27:42+00:00] phase=during conn=50 RSS=8MiB container=2.41MiB / 8GiB probe=200 0.002381
[2026-06-04T20:27:49+00:00] phase=during conn=50 RSS=2963MiB container=4.077GiB / 8GiB probe=curl: (28) Connection timed out after 10002 milliseconds 000 10.002437000 timeout
[2026-06-04T20:28:05+00:00] phase=during conn=50 RSS=8162MiB container=8GiB / 8GiB probe=curl: (28) Connection timed out after 10002 milliseconds 000 10.002207000 timeout
[2026-06-04T20:29:58+00:00] phase=after conn=50 RSS=8170MiB container=8GiB / 8GiB probe=curl: (28) Connection timed out after 10002 milliseconds 000 10.002424000 timeout
Elapsed: 136s | PoC log: /home/danii/http2-bomb-lab/lab-replay/logs/poc_20260604_202513_n50.log
>>> SUCCESS: 50-conn hit ~8GiB container cap <<<
Restarting container for next run...
[2026-06-04T20:32:31+00:00] phase=recovered conn=50 RSS=5MiB container=1.668MiB / 8GiB probe=200 0.003164

========== SUSTAINED 3x50 (no restart between) ==========
--- sustained round 1/3 ---
[2026-06-04T20:32:32+00:00] phase=sustained_before conn=50 RSS=8MiB container=1.816MiB / 8GiB probe=200 0.002697
[2026-06-04T20:33:42+00:00] phase=sustained_after conn=50 RSS=8158MiB container=7.997GiB / 8GiB probe=curl: (28) Connection timed out after 10002 milliseconds 000 10.002048000 timeout
--- sustained round 2/3 ---
[2026-06-04T20:34:43+00:00] phase=sustained_before conn=50 RSS=8156MiB container=7.997GiB / 8GiB probe=curl: (28) Connection timed out after 10002 milliseconds 000 10.002609000 timeout
[2026-06-04T20:35:27+00:00] phase=sustained_after conn=50 RSS=8162MiB container=7.999GiB / 8GiB probe=curl: (28) Connection timed out after 10002 milliseconds 000 10.002817000 timeout
--- sustained round 3/3 ---
[2026-06-04T20:35:44+00:00] phase=sustained_before conn=50 RSS=8161MiB container=7.999GiB / 8GiB probe=curl: (28) Connection timed out after 10002 milliseconds 000 10.002324000 timeout
[2026-06-04T20:36:28+00:00] phase=sustained_after conn=50 RSS=8149MiB container=8GiB / 8GiB probe=curl: (28) Connection timed out after 10002 milliseconds 000 10.002278000 timeout

=== CAMPAIGN DONE ===
CSV: /home/danii/http2-bomb-lab/lab-replay/logs/proxmox_lab_timeseries.csv
Run log: /home/danii/http2-bomb-lab/lab-replay/logs/campaign_20260604_202513.log

=== SUMMARY ===
[2026-06-04T20:25:13+00:00] phase=before conn=15 RSS=8MiB container=2.059MiB / 8GiB probe=200 0.002603
[2026-06-04T20:25:14+00:00] phase=during conn=15 RSS=8MiB container=2.281MiB / 8GiB probe=200 0.002655
[2026-06-04T20:25:21+00:00] phase=during conn=15 RSS=4222MiB container=4.126GiB / 8GiB probe=curl: (28) Connection timed out after 10002 milliseconds 000 10.002237000 timeout
[2026-06-04T20:25:37+00:00] phase=during conn=15 RSS=4222MiB container=4.127GiB / 8GiB probe=curl: (28) Connection timed out after 10002 milliseconds 000 10.002691000 timeout
[2026-06-04T20:25:53+00:00] phase=during conn=15 RSS=4222MiB container=4.126GiB / 8GiB probe=curl: (28) Connection timed out after 10002 milliseconds 000 10.002106000 timeout
[2026-06-04T20:26:09+00:00] phase=during conn=15 RSS=4222MiB container=4.126GiB / 8GiB probe=curl: (28) Connection timed out after 10002 milliseconds 000 10.002048000 timeout
[2026-06-04T20:26:25+00:00] phase=during conn=15 RSS=4222MiB container=4.126GiB / 8GiB probe=curl: (28) Connection timed out after 10001 milliseconds 000 10.001795000 timeout
[2026-06-04T20:26:41+00:00] phase=during conn=15 RSS=4222MiB container=4.126GiB / 8GiB probe=200 9.207459
[2026-06-04T20:26:57+00:00] phase=during conn=15 RSS=4222MiB container=4.126GiB / 8GiB probe=200 0.002476
[2026-06-04T20:27:03+00:00] phase=during conn=15 RSS=4222MiB container=4.126GiB / 8GiB probe=200 0.002514
[2026-06-04T20:27:09+00:00] phase=during conn=15 RSS=4222MiB container=4.126GiB / 8GiB probe=200 0.002612
[2026-06-04T20:27:15+00:00] phase=during conn=15 RSS=4222MiB container=4.126GiB / 8GiB probe=200 0.002996
[2026-06-04T20:27:21+00:00] phase=during conn=15 RSS=4222MiB container=658.8MiB / 8GiB probe=200 0.002650
[2026-06-04T20:27:27+00:00] phase=after conn=15 RSS=663MiB container=658.8MiB / 8GiB probe=200 0.002608
[2026-06-04T20:27:39+00:00] phase=recovered conn=15 RSS=5MiB container=1.656MiB / 8GiB probe=200 0.002813
[2026-06-04T20:27:40+00:00] phase=before conn=50 RSS=8MiB container=1.812MiB / 8GiB probe=200 0.002558
[2026-06-04T20:27:42+00:00] phase=during conn=50 RSS=8MiB container=2.41MiB / 8GiB probe=200 0.002381
[2026-06-04T20:27:49+00:00] phase=during conn=50 RSS=2963MiB container=4.077GiB / 8GiB probe=curl: (28) Connection timed out after 10002 milliseconds 000 10.002437000 timeout
[2026-06-04T20:28:05+00:00] phase=during conn=50 RSS=8162MiB container=8GiB / 8GiB probe=curl: (28) Connection timed out after 10002 milliseconds 000 10.002207000 timeout
[2026-06-04T20:29:58+00:00] phase=after conn=50 RSS=8170MiB container=8GiB / 8GiB probe=curl: (28) Connection timed out after 10002 milliseconds 000 10.002424000 timeout
>>> SUCCESS: 50-conn hit ~8GiB container cap <<<
[2026-06-04T20:32:31+00:00] phase=recovered conn=50 RSS=5MiB container=1.668MiB / 8GiB probe=200 0.003164
[2026-06-04T20:32:32+00:00] phase=sustained_before conn=50 RSS=8MiB container=1.816MiB / 8GiB probe=200 0.002697
[2026-06-04T20:33:42+00:00] phase=sustained_after conn=50 RSS=8158MiB container=7.997GiB / 8GiB probe=curl: (28) Connection timed out after 10002 milliseconds 000 10.002048000 timeout
[2026-06-04T20:34:43+00:00] phase=sustained_before conn=50 RSS=8156MiB container=7.997GiB / 8GiB probe=curl: (28) Connection timed out after 10002 milliseconds 000 10.002609000 timeout
[2026-06-04T20:35:27+00:00] phase=sustained_after conn=50 RSS=8162MiB container=7.999GiB / 8GiB probe=curl: (28) Connection timed out after 10002 milliseconds 000 10.002817000 timeout
[2026-06-04T20:35:44+00:00] phase=sustained_before conn=50 RSS=8161MiB container=7.999GiB / 8GiB probe=curl: (28) Connection timed out after 10002 milliseconds 000 10.002324000 timeout
[2026-06-04T20:36:28+00:00] phase=sustained_after conn=50 RSS=8149MiB container=8GiB / 8GiB probe=curl: (28) Connection timed out after 10002 milliseconds 000 10.002278000 timeout
